c:\users\sethm\gewenergygateway\build\gewenergygateway.dir\debug\vc143.pdb
c:\users\sethm\gewenergygateway\build\gewenergygateway.dir\debug\logger.obj
c:\users\sethm\gewenergygateway\build\gewenergygateway.dir\debug\hexdump.obj
c:\users\sethm\gewenergygateway\build\gewenergygateway.dir\debug\floatdecoder.obj
c:\users\sethm\gewenergygateway\build\gewenergygateway.dir\debug\bytebuffer.obj
c:\users\sethm\gewenergygateway\build\gewenergygateway.dir\debug\uploadqueue.obj
c:\users\sethm\gewenergygateway\build\gewenergygateway.dir\debug\modbusrtu.obj
c:\users\sethm\gewenergygateway\build\gewenergygateway.dir\debug\modbusframe.obj
c:\users\sethm\gewenergygateway\build\gewenergygateway.dir\debug\crc16.obj
c:\users\sethm\gewenergygateway\build\gewenergygateway.dir\debug\serialportwin.obj
c:\users\sethm\gewenergygateway\build\gewenergygateway.dir\debug\serialesp.obj
c:\users\sethm\gewenergygateway\build\gewenergygateway.dir\debug\httpesp.obj
c:\users\sethm\gewenergygateway\build\gewenergygateway.dir\debug\httpclient.obj
c:\users\sethm\gewenergygateway\build\gewenergygateway.dir\debug\jsonbuilder.obj
c:\users\sethm\gewenergygateway\build\gewenergygateway.dir\debug\gateway.obj
c:\users\sethm\gewenergygateway\build\gewenergygateway.dir\debug\configuration.obj
c:\users\sethm\gewenergygateway\build\gewenergygateway.dir\debug\uploader.obj
c:\users\sethm\gewenergygateway\build\gewenergygateway.dir\debug\application.obj
c:\users\sethm\gewenergygateway\build\gewenergygateway.dir\debug\main.obj
c:\users\sethm\gewenergygateway\build\gewenergygateway.dir\debug\abbm1m12.obj
c:\users\sethm\gewenergygateway\build\cmakefiles\generate.stamp
c:\users\sethm\gewenergygateway\build\bin\debug\gewenergygateway.exe
c:\users\sethm\gewenergygateway\build\bin\debug\gewenergygateway.pdb
c:\users\sethm\gewenergygateway\build\gewenergygateway.dir\debug\gewenergygateway.ilk
c:\users\sethm\gewenergygateway\build\gewenergygateway.dir\debug\gewenergygateway.tlog\cl.command.1.tlog
c:\users\sethm\gewenergygateway\build\gewenergygateway.dir\debug\gewenergygateway.tlog\cl.items.tlog
c:\users\sethm\gewenergygateway\build\gewenergygateway.dir\debug\gewenergygateway.tlog\cl.read.1.tlog
c:\users\sethm\gewenergygateway\build\gewenergygateway.dir\debug\gewenergygateway.tlog\cl.write.1.tlog
c:\users\sethm\gewenergygateway\build\gewenergygateway.dir\debug\gewenergygateway.tlog\custombuild.command.1.tlog
c:\users\sethm\gewenergygateway\build\gewenergygateway.dir\debug\gewenergygateway.tlog\custombuild.read.1.tlog
c:\users\sethm\gewenergygateway\build\gewenergygateway.dir\debug\gewenergygateway.tlog\custombuild.write.1.tlog
c:\users\sethm\gewenergygateway\build\gewenergygateway.dir\debug\gewenergygateway.tlog\link.command.1.tlog
c:\users\sethm\gewenergygateway\build\gewenergygateway.dir\debug\gewenergygateway.tlog\link.read.1.tlog
c:\users\sethm\gewenergygateway\build\gewenergygateway.dir\debug\gewenergygateway.tlog\link.secondary.1.tlog
c:\users\sethm\gewenergygateway\build\gewenergygateway.dir\debug\gewenergygateway.tlog\link.write.1.tlog
